Resolving dependencies in `/Users/dev/FlutterProjects/os_intents`...
Downloading packages...
  _fe_analyzer_shared 91.0.0 (105.0.0 available)
  analyzer 8.4.1 (14.1.0 available)
  build 3.1.0 (4.0.9 available)
  build_config 1.2.0 (1.3.2 available)
  build_resolvers 3.0.3 (3.0.4 available)
  build_runner 2.7.1 (2.15.3 available)
  build_runner_core 9.3.1 (9.3.2 available)
  dart_style 3.1.3 (3.1.12 available)
  matcher 0.12.19 (0.12.20 available)
  meta 1.18.0 (1.19.0 available)
  package_config 2.2.0 (3.0.0 available)
  test 1.31.0 (1.31.2 available)
  test_api 0.7.11 (0.7.13 available)
  test_core 0.6.17 (0.6.19 available)
  vector_math 2.2.0 (2.4.2 available)
Got dependencies in `/Users/dev/FlutterProjects/os_intents`!
15 packages have newer versions incompatible with dependency constraints.
Try `flutter pub outdated` for more information.
Building dev.osintents.osIntentsExample for simulator (ios)...
Running Xcode build...                                          
Xcode build done.                                           17.8s
✓ Built build/ios/iphonesimulator/Runner.app
